// Jest Snapshot v1, https://goo.gl/fbAQLP

exports[`Test on GET search Admin key: search on attributesToSearchOn set to null 1`] = `
{
  "estimatedTotalHits": 2,
  "hits": [
    {
      "comment": "A french book about a prince that walks on little cute planets",
      "genre": "adventure",
      "id": 456,
      "title": "Le Petit Prince",
    },
    {
      "comment": "The best book",
      "genre": "fantasy",
      "id": 4,
      "title": "Harry Potter and the Half-Blood Prince",
    },
  ],
  "limit": 20,
  "offset": 0,
  "processingTimeMs": 0,
  "query": "prince",
}
`;

exports[`Test on GET search Master key: search on attributesToSearchOn set to null 1`] = `
{
  "estimatedTotalHits": 2,
  "hits": [
    {
      "comment": "A french book about a prince that walks on little cute planets",
      "genre": "adventure",
      "id": 456,
      "title": "Le Petit Prince",
    },
    {
      "comment": "The best book",
      "genre": "fantasy",
      "id": 4,
      "title": "Harry Potter and the Half-Blood Prince",
    },
  ],
  "limit": 20,
  "offset": 0,
  "processingTimeMs": 0,
  "query": "prince",
}
`;

exports[`Test on GET search Search key: search on attributesToSearchOn set to null 1`] = `
{
  "estimatedTotalHits": 2,
  "hits": [
    {
      "comment": "A french book about a prince that walks on little cute planets",
      "genre": "adventure",
      "id": 456,
      "title": "Le Petit Prince",
    },
    {
      "comment": "The best book",
      "genre": "fantasy",
      "id": 4,
      "title": "Harry Potter and the Half-Blood Prince",
    },
  ],
  "limit": 20,
  "offset": 0,
  "processingTimeMs": 0,
  "query": "prince",
}
`;
